../../Drivers/STM32N6xx_HAL_Driver/Inc/stm32n6xx_ll_bus.h:1407:22:LL_AHB4_GRP1_EnableClock	24	static
../../Drivers/STM32N6xx_HAL_Driver/Inc/stm32n6xx_ll_bus.h:3639:22:LL_APB5_GRP1_EnableClock	24	static
../../Drivers/STM32N6xx_HAL_Driver/Inc/stm32n6xx_ll_bus.h:3683:22:LL_APB5_GRP1_DisableClock	16	static
../../Drivers/STM32N6xx_HAL_Driver/Inc/stm32n6xx_ll_bus.h:3703:22:LL_APB5_GRP1_ForceReset	16	static
../../Drivers/STM32N6xx_HAL_Driver/Inc/stm32n6xx_ll_bus.h:3723:22:LL_APB5_GRP1_ReleaseReset	16	static
../../Drivers/STM32N6xx_HAL_Driver/Inc/stm32n6xx_ll_bus.h:3787:22:LL_APB5_GRP1_DisableClockLowPower	16	static
../Components/STM32N6570-DK/stm32n6570_discovery_camera.c:199:9:BSP_CAMERA_Init	72	static
../Components/STM32N6570-DK/stm32n6570_discovery_camera.c:326:9:BSP_CAMERA_DeInit	24	static
../Components/STM32N6570-DK/stm32n6570_discovery_camera.c:388:26:MX_DCMIPP_Init	80	static
../Components/STM32N6570-DK/stm32n6570_discovery_camera.c:534:26:MX_DCMIPP_ClockConfig	416	static
../Components/STM32N6570-DK/stm32n6570_discovery_camera.c:573:9:BSP_CAMERA_Start	40	static
../Components/STM32N6570-DK/stm32n6570_discovery_camera.c:605:9:BSP_CAMERA_FullPlanarStart	40	static
../Components/STM32N6570-DK/stm32n6570_discovery_camera.c:637:9:BSP_CAMERA_SemiPlanarStart	40	static
../Components/STM32N6570-DK/stm32n6570_discovery_camera.c:670:9:BSP_CAMERA_DoubleBufferStart	40	static
../Components/STM32N6570-DK/stm32n6570_discovery_camera.c:703:9:BSP_CAMERA_FullPlanarDoubleBufferStart	40	static
../Components/STM32N6570-DK/stm32n6570_discovery_camera.c:736:9:BSP_CAMERA_SemiPlanarDoubleBufferStart	40	static
../Components/STM32N6570-DK/stm32n6570_discovery_camera.c:766:9:BSP_CAMERA_Suspend	24	static
../Components/STM32N6570-DK/stm32n6570_discovery_camera.c:792:9:BSP_CAMERA_Resume	24	static
../Components/STM32N6570-DK/stm32n6570_discovery_camera.c:818:9:BSP_CAMERA_Stop	24	static
../Components/STM32N6570-DK/stm32n6570_discovery_camera.c:847:9:BSP_CAMERA_GetCapabilities	24	static
../Components/STM32N6570-DK/stm32n6570_discovery_camera.c:874:9:BSP_CAMERA_SetPixelFormat	24	static
../Components/STM32N6570-DK/stm32n6570_discovery_camera.c:902:9:BSP_CAMERA_GetPixelFormat	24	static
../Components/STM32N6570-DK/stm32n6570_discovery_camera.c:927:9:BSP_CAMERA_SetResolution	24	static
../Components/STM32N6570-DK/stm32n6570_discovery_camera.c:959:9:BSP_CAMERA_GetResolution	24	static
../Components/STM32N6570-DK/stm32n6570_discovery_camera.c:987:9:BSP_CAMERA_SetLightMode	24	static
../Components/STM32N6570-DK/stm32n6570_discovery_camera.c:1019:9:BSP_CAMERA_GetLightMode	24	static
../Components/STM32N6570-DK/stm32n6570_discovery_camera.c:1047:9:BSP_CAMERA_SetColorEffect	24	static
../Components/STM32N6570-DK/stm32n6570_discovery_camera.c:1079:9:BSP_CAMERA_GetColorEffect	24	static
../Components/STM32N6570-DK/stm32n6570_discovery_camera.c:1107:9:BSP_CAMERA_SetBrightness	24	static
../Components/STM32N6570-DK/stm32n6570_discovery_camera.c:1140:9:BSP_CAMERA_GetBrightness	24	static
../Components/STM32N6570-DK/stm32n6570_discovery_camera.c:1168:9:BSP_CAMERA_SetSaturation	24	static
../Components/STM32N6570-DK/stm32n6570_discovery_camera.c:1201:9:BSP_CAMERA_GetSaturation	24	static
../Components/STM32N6570-DK/stm32n6570_discovery_camera.c:1229:9:BSP_CAMERA_SetContrast	24	static
../Components/STM32N6570-DK/stm32n6570_discovery_camera.c:1261:9:BSP_CAMERA_GetContrast	24	static
../Components/STM32N6570-DK/stm32n6570_discovery_camera.c:1289:9:BSP_CAMERA_SetHueDegree	24	static
../Components/STM32N6570-DK/stm32n6570_discovery_camera.c:1321:9:BSP_CAMERA_GetHueDegree	24	static
../Components/STM32N6570-DK/stm32n6570_discovery_camera.c:1350:9:BSP_CAMERA_SetMirrorFlip	24	static
../Components/STM32N6570-DK/stm32n6570_discovery_camera.c:1382:9:BSP_CAMERA_GetMirrorFlip	24	static
../Components/STM32N6570-DK/stm32n6570_discovery_camera.c:1410:9:BSP_CAMERA_SetZoom	24	static
../Components/STM32N6570-DK/stm32n6570_discovery_camera.c:1442:9:BSP_CAMERA_GetZoom	24	static
../Components/STM32N6570-DK/stm32n6570_discovery_camera.c:1469:9:BSP_CAMERA_EnableNightMode	24	static
../Components/STM32N6570-DK/stm32n6570_discovery_camera.c:1499:9:BSP_CAMERA_DisableNightMode	24	static
../Components/STM32N6570-DK/stm32n6570_discovery_camera.c:1529:9:BSP_CAMERA_HwReset	40	static
../Components/STM32N6570-DK/stm32n6570_discovery_camera.c:1573:9:BSP_CAMERA_PwrDown	40	static
../Components/STM32N6570-DK/stm32n6570_discovery_camera.c:1610:9:BSP_CAMERA_BackgroundProcess	8	static
../Components/STM32N6570-DK/stm32n6570_discovery_camera.c:1624:6:BSP_CAMERA_IRQHandler	16	static
../Components/STM32N6570-DK/stm32n6570_discovery_camera.c:1637:13:BSP_CAMERA_LineEventCallback	16	static
../Components/STM32N6570-DK/stm32n6570_discovery_camera.c:1652:13:BSP_CAMERA_FrameEventCallback	16	static
../Components/STM32N6570-DK/stm32n6570_discovery_camera.c:1667:13:BSP_CAMERA_VsyncEventCallback	16	static
../Components/STM32N6570-DK/stm32n6570_discovery_camera.c:1682:13:BSP_CAMERA_PipeErrorCallback	16	static
../Components/STM32N6570-DK/stm32n6570_discovery_camera.c:1697:13:BSP_CAMERA_ErrorCallback	16	static
../Components/STM32N6570-DK/stm32n6570_discovery_camera.c:1714:6:HAL_DCMIPP_PIPE_LineEventCallback	16	static
../Components/STM32N6570-DK/stm32n6570_discovery_camera.c:1729:6:HAL_DCMIPP_PIPE_FrameEventCallback	16	static
../Components/STM32N6570-DK/stm32n6570_discovery_camera.c:1744:6:HAL_DCMIPP_PIPE_VsyncEventCallback	16	static
../Components/STM32N6570-DK/stm32n6570_discovery_camera.c:1764:6:HAL_DCMIPP_PIPE_ErrorCallback	16	static
../Components/STM32N6570-DK/stm32n6570_discovery_camera.c:1778:6:HAL_DCMIPP_ErrorCallback	16	static
../Components/STM32N6570-DK/stm32n6570_discovery_camera.c:1800:13:DCMIPP_MspInit	16	static
../Components/STM32N6570-DK/stm32n6570_discovery_camera.c:1834:13:DCMIPP_MspDeInit	16	static
../Components/STM32N6570-DK/stm32n6570_discovery_camera.c:1927:26:BSP_GetSensorInfoHelper	16	static
../Components/STM32N6570-DK/stm32n6570_discovery_camera.c:1937:26:BSP_SetSensorGainHelper	16	static
../Components/STM32N6570-DK/stm32n6570_discovery_camera.c:1948:26:BSP_GetSensorGainHelper	16	static
../Components/STM32N6570-DK/stm32n6570_discovery_camera.c:1959:26:BSP_SetSensorExposureHelper	16	static
../Components/STM32N6570-DK/stm32n6570_discovery_camera.c:1970:26:BSP_GetSensorExposureHelper	16	static
../Components/STM32N6570-DK/stm32n6570_discovery_camera.c:1982:16:IMX335_Probe	48	static
