../Drivers/STM32N6xx_HAL_Driver/stm32n6xx_hal_smbus.c:289:19:HAL_SMBUS_Init	16	static
../Drivers/STM32N6xx_HAL_Driver/stm32n6xx_hal_smbus.c:405:19:HAL_SMBUS_DeInit	16	static
../Drivers/STM32N6xx_HAL_Driver/stm32n6xx_hal_smbus.c:450:13:HAL_SMBUS_MspInit	16	static
../Drivers/STM32N6xx_HAL_Driver/stm32n6xx_hal_smbus.c:466:13:HAL_SMBUS_MspDeInit	16	static
../Drivers/STM32N6xx_HAL_Driver/stm32n6xx_hal_smbus.c:485:19:HAL_SMBUS_ConfigAnalogFilter	16	static
../Drivers/STM32N6xx_HAL_Driver/stm32n6xx_hal_smbus.c:529:19:HAL_SMBUS_ConfigDigitalFilter	24	static
../Drivers/STM32N6xx_HAL_Driver/stm32n6xx_hal_smbus.c:916:19:HAL_SMBUS_Master_Transmit_IT	40	static
../Drivers/STM32N6xx_HAL_Driver/stm32n6xx_hal_smbus.c:1029:19:HAL_SMBUS_Master_Receive_IT	40	static
../Drivers/STM32N6xx_HAL_Driver/stm32n6xx_hal_smbus.c:1126:19:HAL_SMBUS_Master_Abort_IT	24	static
../Drivers/STM32N6xx_HAL_Driver/stm32n6xx_hal_smbus.c:1191:19:HAL_SMBUS_Slave_Transmit_IT	32	static
../Drivers/STM32N6xx_HAL_Driver/stm32n6xx_hal_smbus.c:1289:19:HAL_SMBUS_Slave_Receive_IT	32	static
../Drivers/STM32N6xx_HAL_Driver/stm32n6xx_hal_smbus.c:1369:19:HAL_SMBUS_EnableListen_IT	16	static
../Drivers/STM32N6xx_HAL_Driver/stm32n6xx_hal_smbus.c:1385:19:HAL_SMBUS_DisableListen_IT	16	static
../Drivers/STM32N6xx_HAL_Driver/stm32n6xx_hal_smbus.c:1409:19:HAL_SMBUS_EnableAlert_IT	16	static
../Drivers/STM32N6xx_HAL_Driver/stm32n6xx_hal_smbus.c:1428:19:HAL_SMBUS_DisableAlert_IT	16	static
../Drivers/STM32N6xx_HAL_Driver/stm32n6xx_hal_smbus.c:1449:19:HAL_SMBUS_IsDeviceReady	40	static
../Drivers/STM32N6xx_HAL_Driver/stm32n6xx_hal_smbus.c:1590:6:HAL_SMBUS_EV_IRQHandler	24	static
../Drivers/STM32N6xx_HAL_Driver/stm32n6xx_hal_smbus.c:1668:6:HAL_SMBUS_ER_IRQHandler	16	static
../Drivers/STM32N6xx_HAL_Driver/stm32n6xx_hal_smbus.c:1679:13:HAL_SMBUS_MasterTxCpltCallback	16	static
../Drivers/STM32N6xx_HAL_Driver/stm32n6xx_hal_smbus.c:1695:13:HAL_SMBUS_MasterRxCpltCallback	16	static
../Drivers/STM32N6xx_HAL_Driver/stm32n6xx_hal_smbus.c:1710:13:HAL_SMBUS_SlaveTxCpltCallback	16	static
../Drivers/STM32N6xx_HAL_Driver/stm32n6xx_hal_smbus.c:1726:13:HAL_SMBUS_SlaveRxCpltCallback	16	static
../Drivers/STM32N6xx_HAL_Driver/stm32n6xx_hal_smbus.c:1744:13:HAL_SMBUS_AddrCallback	16	static
../Drivers/STM32N6xx_HAL_Driver/stm32n6xx_hal_smbus.c:1763:13:HAL_SMBUS_ListenCpltCallback	16	static
../Drivers/STM32N6xx_HAL_Driver/stm32n6xx_hal_smbus.c:1779:13:HAL_SMBUS_ErrorCallback	16	static
../Drivers/STM32N6xx_HAL_Driver/stm32n6xx_hal_smbus.c:1814:10:HAL_SMBUS_GetState	16	static
../Drivers/STM32N6xx_HAL_Driver/stm32n6xx_hal_smbus.c:1826:10:HAL_SMBUS_GetError	16	static
../Drivers/STM32N6xx_HAL_Driver/stm32n6xx_hal_smbus.c:1851:26:SMBUS_Master_ISR	32	static
../Drivers/STM32N6xx_HAL_Driver/stm32n6xx_hal_smbus.c:2141:26:SMBUS_Slave_ISR	32	static
../Drivers/STM32N6xx_HAL_Driver/stm32n6xx_hal_smbus.c:2409:13:SMBUS_Enable_IRQ	24	static
../Drivers/STM32N6xx_HAL_Driver/stm32n6xx_hal_smbus.c:2449:13:SMBUS_Disable_IRQ	24	static
../Drivers/STM32N6xx_HAL_Driver/stm32n6xx_hal_smbus.c:2521:13:SMBUS_ITErrorHandler	32	static
../Drivers/STM32N6xx_HAL_Driver/stm32n6xx_hal_smbus.c:2634:26:SMBUS_WaitOnFlagUntilTimeout	32	static
../Drivers/STM32N6xx_HAL_Driver/stm32n6xx_hal_smbus.c:2669:13:SMBUS_Flush_TXDR	16	static
../Drivers/STM32N6xx_HAL_Driver/stm32n6xx_hal_smbus.c:2705:13:SMBUS_TransferConfig	24	static
../Drivers/STM32N6xx_HAL_Driver/stm32n6xx_hal_smbus.c:2728:13:SMBUS_ConvertOtherXferOptions	16	static
