../Src/main.c:80:5:main	24	static,ignoring_inline_asm
../Src/main.c:134:6:SystemClock_Config	224	static
../Src/main.c:229:13:MX_DCMIPP_Init	72	static
../Src/main.c:295:13:LCD_Init	72	static
../Src/main.c:350:13:IMX335_Probe	48	static
../Src/main.c:399:26:GetSensorInfoHelper	16	static
../Src/main.c:409:26:SetSensorGainHelper	16	static
../Src/main.c:420:26:GetSensorGainHelper	16	static
../Src/main.c:431:26:SetSensorExposureHelper	16	static
../Src/main.c:442:26:GetSensorExposureHelper	16	static
../Src/main.c:449:6:HAL_DCMIPP_PIPE_FrameEventCallback	16	static
../Src/main.c:460:6:HAL_DCMIPP_PIPE_VsyncEventCallback	16	static
../Src/main.c:479:6:CAMERA_START	56	static
../Src/main.c:506:6:CAMERA_MODULE_START	8	static
../Src/main.c:521:6:Error_Handler	4	static,ignoring_inline_asm
