../../Drivers/STM32N6xx_HAL_Driver/Inc/stm32n6xx_ll_bus.h:1407:22:LL_AHB4_GRP1_EnableClock	24	static
../../Drivers/STM32N6xx_HAL_Driver/Inc/stm32n6xx_ll_bus.h:1755:22:LL_AHB5_GRP1_EnableClock	24	static
../../Drivers/STM32N6xx_HAL_Driver/Inc/stm32n6xx_ll_bus.h:1891:22:LL_AHB5_GRP1_DisableClock	16	static
../../Drivers/STM32N6xx_HAL_Driver/Inc/stm32n6xx_ll_bus.h:1945:22:LL_AHB5_GRP1_ForceReset	16	static
../../Drivers/STM32N6xx_HAL_Driver/Inc/stm32n6xx_ll_bus.h:1999:22:LL_AHB5_GRP1_ReleaseReset	16	static
../../Drivers/STM32N6xx_HAL_Driver/Inc/stm32n6xx_ll_bus.h:3639:22:LL_APB5_GRP1_EnableClock	24	static
../../Drivers/STM32N6xx_HAL_Driver/Inc/stm32n6xx_ll_bus.h:3683:22:LL_APB5_GRP1_DisableClock	16	static
../../Drivers/STM32N6xx_HAL_Driver/Inc/stm32n6xx_ll_bus.h:3703:22:LL_APB5_GRP1_ForceReset	16	static
../../Drivers/STM32N6xx_HAL_Driver/Inc/stm32n6xx_ll_bus.h:3723:22:LL_APB5_GRP1_ReleaseReset	16	static
../Components/STM32N6570-DK/stm32n6570_discovery_lcd.c:183:9:BSP_LCD_Init	24	static
../Components/STM32N6570-DK/stm32n6570_discovery_lcd.c:198:9:BSP_LCD_InitEx	64	static
../Components/STM32N6570-DK/stm32n6570_discovery_lcd.c:329:9:BSP_LCD_DeInit	24	static
../Components/STM32N6570-DK/stm32n6570_discovery_lcd.c:365:26:MX_LTDC_Init	24	static
../Components/STM32N6570-DK/stm32n6570_discovery_lcd.c:396:26:MX_LTDC_ConfigLayer	80	static
../Components/STM32N6570-DK/stm32n6570_discovery_lcd.c:424:26:MX_LTDC_ClockConfig	424	static
../Components/STM32N6570-DK/stm32n6570_discovery_lcd.c:533:9:BSP_LCD_ConfigLayer	32	static
../Components/STM32N6570-DK/stm32n6570_discovery_lcd.c:572:9:BSP_LCD_GetPixelFormat	24	static
../Components/STM32N6570-DK/stm32n6570_discovery_lcd.c:595:9:BSP_LCD_SetActiveLayer	24	static
../Components/STM32N6570-DK/stm32n6570_discovery_lcd.c:646:9:BSP_LCD_Reload	24	static
../Components/STM32N6570-DK/stm32n6570_discovery_lcd.c:680:9:BSP_LCD_SetLayerVisible	32	static
../Components/STM32N6570-DK/stm32n6570_discovery_lcd.c:716:9:BSP_LCD_SetTransparency	32	static
../Components/STM32N6570-DK/stm32n6570_discovery_lcd.c:746:9:BSP_LCD_SetLayerAddress	32	static
../Components/STM32N6570-DK/stm32n6570_discovery_lcd.c:779:9:BSP_LCD_SetLayerWindow	32	static
../Components/STM32N6570-DK/stm32n6570_discovery_lcd.c:816:9:BSP_LCD_SetColorKeying	32	static
../Components/STM32N6570-DK/stm32n6570_discovery_lcd.c:849:9:BSP_LCD_ResetColorKeying	24	static
../Components/STM32N6570-DK/stm32n6570_discovery_lcd.c:880:9:BSP_LCD_GetXSize	24	static
../Components/STM32N6570-DK/stm32n6570_discovery_lcd.c:902:9:BSP_LCD_GetYSize	24	static
../Components/STM32N6570-DK/stm32n6570_discovery_lcd.c:923:9:BSP_LCD_DisplayOn	40	static
../Components/STM32N6570-DK/stm32n6570_discovery_lcd.c:952:9:BSP_LCD_DisplayOff	40	static
../Components/STM32N6570-DK/stm32n6570_discovery_lcd.c:986:9:BSP_LCD_DrawBitmap	64	static
../Components/STM32N6570-DK/stm32n6570_discovery_lcd.c:1053:9:BSP_LCD_FillRGBRect	40	static
../Components/STM32N6570-DK/stm32n6570_discovery_lcd.c:1114:9:BSP_LCD_DrawHLine	40	static
../Components/STM32N6570-DK/stm32n6570_discovery_lcd.c:1136:9:BSP_LCD_DrawVLine	40	static
../Components/STM32N6570-DK/stm32n6570_discovery_lcd.c:1159:9:BSP_LCD_FillRect	40	static
../Components/STM32N6570-DK/stm32n6570_discovery_lcd.c:1180:9:BSP_LCD_ReadPixel	24	static
../Components/STM32N6570-DK/stm32n6570_discovery_lcd.c:1210:9:BSP_LCD_WritePixel	24	static
../Components/STM32N6570-DK/stm32n6570_discovery_lcd.c:1249:13:LL_FillBuffer	40	static
../Components/STM32N6570-DK/stm32n6570_discovery_lcd.c:1299:13:LL_ConvertLineToRGB	40	static
../Components/STM32N6570-DK/stm32n6570_discovery_lcd.c:1351:13:LTDC_MspInit	40	static
../Components/STM32N6570-DK/stm32n6570_discovery_lcd.c:1466:13:LTDC_MspDeInit	40	static
../Components/STM32N6570-DK/stm32n6570_discovery_lcd.c:1508:13:DMA2D_MspInit	16	static
../Components/STM32N6570-DK/stm32n6570_discovery_lcd.c:1526:13:DMA2D_MspDeInit	16	static
